// Jest Snapshot v1, https://goo.gl/fbAQLP

exports[`NavigationComponent snaptest 1`] = `
<header
  className="App-header"
>
  <nav
    className="container"
  >
    <ul>
      <li
        className=""
      >
        <a
          href="/"
          onClick={[Function]}
        >
          PPH-21
        </a>
      </li>
    </ul>
  </nav>
</header>
`;
